interactions:
- request:
    body: null
    headers:
      Accept:
      - application/json
      Accept-Encoding:
      - gzip, deflate
      CommandName:
      - sentinel detection list
      Connection:
      - keep-alive
      ParameterSetName:
      - -g --workspace-name
      User-Agent:
      - python/3.7.5 (Darwin-19.3.0-x86_64-i386-64bit) msrest/0.6.11 msrest_azure/0.6.2
        azure-mgmt-securityinsight/0.1.0 Azure-SDK-For-Python AZURECLI/2.2.0
      accept-language:
      - en-US
    method: GET
    uri: https://management.azure.com/subscriptions/00000000-0000-0000-0000-000000000000/resourceGroups/test_sentinel_rg_sdhofaa/providers/Microsoft.OperationalInsights/workspaces/clitestudvmeohyplhiastcf/providers/Microsoft.SecurityInsights/alertRules?api-version=2020-01-01
  response:
    body:
      string: '{"value":[]}'
    headers:
      api-supported-versions:
      - 2019-01-01-preview
      cache-control:
      - no-cache
      content-length:
      - '12'
      content-type:
      - application/json; charset=utf-8
      date:
      - Fri, 13 Mar 2020 03:55:11 GMT
      expires:
      - '-1'
      pragma:
      - no-cache
      server:
      - Kestrel
      strict-transport-security:
      - max-age=31536000; includeSubDomains
      transfer-encoding:
      - chunked
      vary:
      - Accept-Encoding
      x-content-type-options:
      - nosniff
    status:
      code: 200
      message: OK
- request:
    body: null
    headers:
      Accept:
      - application/json
      Accept-Encoding:
      - gzip, deflate
      CommandName:
      - deployment group delete
      Connection:
      - keep-alive
      Content-Length:
      - '0'
      ParameterSetName:
      - -g --name --no-wait
      User-Agent:
      - python/3.7.5 (Darwin-19.3.0-x86_64-i386-64bit) msrest/0.6.11 msrest_azure/0.6.2
        azure-mgmt-resource/8.0.1 Azure-SDK-For-Python AZURECLI/2.2.0
      accept-language:
      - en-US
    method: DELETE
    uri: https://management.azure.com/subscriptions/00000000-0000-0000-0000-000000000000/resourcegroups/test_sentinel_rg_sdhofaa/providers/Microsoft.Resources/deployments/mock-deployment?api-version=2019-07-01
  response:
    body:
      string: ''
    headers:
      cache-control:
      - no-cache
      date:
      - Fri, 13 Mar 2020 03:55:13 GMT
      expires:
      - '-1'
      pragma:
      - no-cache
      strict-transport-security:
      - max-age=31536000; includeSubDomains
      x-content-type-options:
      - nosniff
      x-ms-ratelimit-remaining-subscription-deletes:
      - '14999'
    status:
      code: 204
      message: No Content
- request:
    body: null
    headers:
      Accept:
      - application/json
      Accept-Encoding:
      - gzip, deflate
      CommandName:
      - group delete
      Connection:
      - keep-alive
      Content-Length:
      - '0'
      ParameterSetName:
      - --name --yes --no-wait
      User-Agent:
      - python/3.7.5 (Darwin-19.3.0-x86_64-i386-64bit) msrest/0.6.11 msrest_azure/0.6.2
        azure-mgmt-resource/8.0.1 Azure-SDK-For-Python AZURECLI/2.2.0
      accept-language:
      - en-US
    method: DELETE
    uri: https://management.azure.com/subscriptions/00000000-0000-0000-0000-000000000000/resourcegroups/test_sentinel_rg_sdhofaa?api-version=2019-07-01
  response:
    body:
      string: ''
    headers:
      cache-control:
      - no-cache
      content-length:
      - '0'
      date:
      - Fri, 13 Mar 2020 03:55:15 GMT
      expires:
      - '-1'
      location:
      - https://management.azure.com/subscriptions/00000000-0000-0000-0000-000000000000/operationresults/eyJqb2JJZCI6IlJFU09VUkNFR1JPVVBERUxFVElPTkpPQi1URVNUOjVGU0VOVElORUw6NUZSRzo1RlNESE9GQUEtRUFTVFVTIiwiam9iTG9jYXRpb24iOiJlYXN0dXMifQ?api-version=2019-07-01
      pragma:
      - no-cache
      strict-transport-security:
      - max-age=31536000; includeSubDomains
      x-content-type-options:
      - nosniff
      x-ms-ratelimit-remaining-subscription-deletes:
      - '14999'
    status:
      code: 202
      message: Accepted
version: 1
